14:10:09 **** Build of configuration Debug for project sw_design ****
make all 
make[1]: Entering directory '/users/students/r0885482/Documents/DDP/sw_package_2026/sw_project/project_sw/sw_design/Debug'
make --no-print-directory pre-build
a9-linaro-pre-build-step
 
make --no-print-directory main-build
Building file: ../src/platform/interface.c
Invoking: ARM v7 gcc compiler
arm-none-eabi-gcc -Wall -O0 -g3 -c -fmessage-length=0 -MT"src/platform/interface.o" -mcpu=cortex-a9 -mfpu=vfpv3 -mfloat-abi=hard -I/users/students/r0885482/Documents/DDP/sw_package_2026/sw_project/project_sw/ecc_project_wrapper/export/ecc_project_wrapper/sw/ecc_project_wrapper/standalone_domain/bspinclude/include -MMD -MP -MF"src/platform/interface.d" -MT"src/platform/interface.o" -o "src/platform/interface.o" "../src/platform/interface.c"
Finished building: ../src/platform/interface.c
 
Building file: ../src/platform/platform.c
Invoking: ARM v7 gcc compiler
arm-none-eabi-gcc -Wall -O0 -g3 -c -fmessage-length=0 -MT"src/platform/platform.o" -mcpu=cortex-a9 -mfpu=vfpv3 -mfloat-abi=hard -I/users/students/r0885482/Documents/DDP/sw_package_2026/sw_project/project_sw/ecc_project_wrapper/export/ecc_project_wrapper/sw/ecc_project_wrapper/standalone_domain/bspinclude/include -MMD -MP -MF"src/platform/platform.d" -MT"src/platform/platform.o" -o "src/platform/platform.o" "../src/platform/platform.c"
Finished building: ../src/platform/platform.c
 
Building file: ../src/asm_func.S
Invoking: ARM v7 gcc compiler
arm-none-eabi-gcc -Wall -O0 -g3 -c -fmessage-length=0 -MT"src/asm_func.o" -mcpu=cortex-a9 -mfpu=vfpv3 -mfloat-abi=hard -I/users/students/r0885482/Documents/DDP/sw_package_2026/sw_project/project_sw/ecc_project_wrapper/export/ecc_project_wrapper/sw/ecc_project_wrapper/standalone_domain/bspinclude/include -MMD -MP -MF"src/asm_func.d" -MT"src/asm_func.o" -o "src/asm_func.o" "../src/asm_func.S"
Finished building: ../src/asm_func.S
 
Building file: ../src/main.c
Invoking: ARM v7 gcc compiler
arm-none-eabi-gcc -Wall -O0 -g3 -c -fmessage-length=0 -MT"src/main.o" -mcpu=cortex-a9 -mfpu=vfpv3 -mfloat-abi=hard -I/users/students/r0885482/Documents/DDP/sw_package_2026/sw_project/project_sw/ecc_project_wrapper/export/ecc_project_wrapper/sw/ecc_project_wrapper/standalone_domain/bspinclude/include -MMD -MP -MF"src/main.d" -MT"src/main.o" -o "src/main.o" "../src/main.c"
Finished building: ../src/main.c
 
Building file: ../src/montgomery.c
Invoking: ARM v7 gcc compiler
arm-none-eabi-gcc -Wall -O0 -g3 -c -fmessage-length=0 -MT"src/montgomery.o" -mcpu=cortex-a9 -mfpu=vfpv3 -mfloat-abi=hard -I/users/students/r0885482/Documents/DDP/sw_package_2026/sw_project/project_sw/ecc_project_wrapper/export/ecc_project_wrapper/sw/ecc_project_wrapper/standalone_domain/bspinclude/include -MMD -MP -MF"src/montgomery.d" -MT"src/montgomery.o" -o "src/montgomery.o" "../src/montgomery.c"
Finished building: ../src/montgomery.c
 
Building file: ../src/mp_arith.c
Invoking: ARM v7 gcc compiler
arm-none-eabi-gcc -Wall -O0 -g3 -c -fmessage-length=0 -MT"src/mp_arith.o" -mcpu=cortex-a9 -mfpu=vfpv3 -mfloat-abi=hard -I/users/students/r0885482/Documents/DDP/sw_package_2026/sw_project/project_sw/ecc_project_wrapper/export/ecc_project_wrapper/sw/ecc_project_wrapper/standalone_domain/bspinclude/include -MMD -MP -MF"src/mp_arith.d" -MT"src/mp_arith.o" -o "src/mp_arith.o" "../src/mp_arith.c"
Finished building: ../src/mp_arith.c
 
Building file: ../src/warmup.c
Invoking: ARM v7 gcc compiler
arm-none-eabi-gcc -Wall -O0 -g3 -c -fmessage-length=0 -MT"src/warmup.o" -mcpu=cortex-a9 -mfpu=vfpv3 -mfloat-abi=hard -I/users/students/r0885482/Documents/DDP/sw_package_2026/sw_project/project_sw/ecc_project_wrapper/export/ecc_project_wrapper/sw/ecc_project_wrapper/standalone_domain/bspinclude/include -MMD -MP -MF"src/warmup.d" -MT"src/warmup.o" -o "src/warmup.o" "../src/warmup.c"
../src/warmup.c: In function 'warmup':
../src/warmup.c:24:17: warning: unused variable 'i' [-Wunused-variable]
   24 |         int32_t i;
      |                 ^
In file included from ../src/common.h:10,
                 from ../src/warmup.c:9:
../src/platform/performance.h: At top level:
../src/platform/performance.h:6:17: warning: 'time_start' defined but not used [-Wunused-variable]
    6 | static uint32_t time_start;
      |                 ^~~~~~~~~~
../src/warmup.c: In function 'warmup':
../src/warmup.c:50:5: warning: 'a' is used uninitialized [-Wuninitialized]
   50 |     xil_printf("Value of a = %x\r\n", a);
      |     ^~~~~~~~~~~~~~~~~~~~~~~~~~~~~~~~~~~~
../src/warmup.c:46:13: note: 'a' was declared here
   46 |     int32_t a;
      |             ^
../src/warmup.c:51:5: warning: 'b' is used uninitialized [-Wuninitialized]
   51 |     xil_printf("Value of b = %x\r\n", b);
      |     ^~~~~~~~~~~~~~~~~~~~~~~~~~~~~~~~~~~~
../src/warmup.c:47:13: note: 'b' was declared here
   47 |     uint8_t b;
      |             ^
../src/warmup.c:52:5: warning: 'c' is used uninitialized [-Wuninitialized]
   52 |     xil_printf("Value of c = %x\r\n", c);
      |     ^~~~~~~~~~~~~~~~~~~~~~~~~~~~~~~~~~~~
../src/warmup.c:48:14: note: 'c' was declared here
   48 |     int32_t *c;                         // This is a pointer
      |              ^
Finished building: ../src/warmup.c
 
Building target: sw_design.elf
Invoking: ARM v7 gcc linker
arm-none-eabi-gcc -mcpu=cortex-a9 -mfpu=vfpv3 -mfloat-abi=hard -Wl,-build-id=none -specs=Xilinx.spec -Wl,-T -Wl,../src/lscript.ld -L/users/students/r0885482/Documents/DDP/sw_package_2026/sw_project/project_sw/ecc_project_wrapper/export/ecc_project_wrapper/sw/ecc_project_wrapper/standalone_domain/bsplib/lib -o "sw_design.elf" ./src/platform/interface.o ./src/platform/platform.o  ./src/asm_func.o ./src/main.o ./src/montgomery.o ./src/mp_arith.o ./src/warmup.o   -Wl,--start-group,-lxil,-lgcc,-lc,--end-group
Finished building target: sw_design.elf
 
Invoking: ARM v7 Print Size
arm-none-eabi-size sw_design.elf  |tee "sw_design.elf.size"
   text	   data	    bss	    dec	    hex	filename
  56199	   2552	  22648	  81399	  13df7	sw_design.elf
Finished building: sw_design.elf.size
 
make[1]: Leaving directory '/users/students/r0885482/Documents/DDP/sw_package_2026/sw_project/project_sw/sw_design/Debug'

14:10:09 Build Finished (took 714ms)

